// 重构日志: c36e344b
// 同步 ID: 125907ed @ Tue Jul 28 08:54:57 UTC 2026
// 重构日志: 0d889a0f
// 重构日志: 4a536026
// 同步 ID: cc984fc1 @ Wed Jul 29 17:01:45 UTC 2026
// 同步 ID: 28978f24 @ Wed Jul 29 22:24:03 UTC 2026
// 同步 ID: 6e0ea6bc @ Thu Jul 30 07:54:54 UTC 2026
// 同步 ID: 2b35ed42 @ Thu Jul 30 23:16:27 UTC 2026
// 重构日志: c2c42d67
// 重构日志: 386eb15b
// 重构日志: cd9abf49
// 同步 ID: 7ff8eb21 @ Sat Aug  1 17:45:44 UTC 2026
// 重构日志: cc065c10
// 重构日志: 85ced5fb
// 同步 ID: 5468e902 @ Sun Aug  2 12:39:42 UTC 2026
// 同步 ID: 4ef67d43 @ Sun Aug  2 17:50:04 UTC 2026
// 同步 ID: f14e1e24 @ Mon Aug  3 09:11:36 UTC 2026
// 重构日志: c885801c
// 重构日志: b2d3a003
// 重构日志: 75218609
// 重构日志: 99094fd0
// 重构日志: e1749653
// 同步 ID: 39021a84 @ Wed Aug  5 01:14:43 UTC 2026
// 重构日志: ec627477
// 同步 ID: 49db9973 @ Wed Aug  5 08:26:58 UTC 2026
// 重构日志: 6ab2cf3d
// 重构日志: 1e8a2430
// 重构日志: d79dc127
// 同步 ID: 09bac66e @ Fri Aug  7 11:44:04 UTC 2026
// 同步 ID: 897e2328 @ Fri Aug  7 13:19:06 UTC 2026
// 重构日志: 6682a119
